Running tests ...
[1A[KRunning 40 tests in 1 runtime ...
[1A[K[1m[32m40 tests, 146 assertions, 1 runtime ... OK[0m
